[debug] [2026-06-06T12:40:24.761Z] ----------------------------------------------------------------------
[debug] [2026-06-06T12:40:24.773Z] Command:       /data/data/com.termux/files/usr/bin/node /data/data/com.termux/files/home/.npm/_npx/7750544ccf494d8b/node_modules/.bin/firebase init hosting
[debug] [2026-06-06T12:40:24.775Z] CLI Version:   15.19.1
[debug] [2026-06-06T12:40:24.776Z] Platform:      android
[debug] [2026-06-06T12:40:24.776Z] Node Version:  v26.2.0
[debug] [2026-06-06T12:40:24.777Z] Time:          Sat Jun 06 2026 15:40:24 GMT+0300 (East Africa Time)
[debug] [2026-06-06T12:40:24.778Z] ----------------------------------------------------------------------
[debug] 
[info] 
     ######## #### ########  ######## ########     ###     ######  ########
     ##        ##  ##     ## ##       ##     ##  ##   ##  ##       ##
     ######    ##  ########  ######   ########  #########  ######  ######
     ##        ##  ##    ##  ##       ##     ## ##     ##       ## ##
     ##       #### ##     ## ######## ########  ##     ##  ######  ########

You're about to initialize a Firebase project in this directory:

  /storage/emulated/0/Folder/Gourmet-Gateway/artifacts/restaurant

Before we get started, keep in mind:

  * You are currently outside your home directory
  * You are initializing within an existing Firebase project directory

[info] 
=== Project Setup
[info] 
[info] First, let's associate this project directory with a Firebase project.
[info] You can create multiple project aliases by running firebase use --add, 
[info] 
[debug] [2026-06-06T12:40:52.226Z] > command requires scopes: ["email","openid","https://www.googleapis.com/auth/cloudplatformprojects.readonly","https://www.googleapis.com/auth/firebase","https://www.googleapis.com/auth/cloud-platform"]
[debug] [2026-06-06T12:40:52.229Z] > authorizing via signed-in user (levixticus67@gmail.com)
[debug] [2026-06-06T12:40:52.235Z] Checked if tokens are valid: true, expires at: 1780753177167
[debug] [2026-06-06T12:40:52.236Z] Checked if tokens are valid: true, expires at: 1780753177167
[debug] [2026-06-06T12:40:52.244Z] >>> [apiv2][query] GET https://firebase.googleapis.com/v1beta1/projects pageSize=100
[debug] [2026-06-06T12:40:53.241Z] <<< [apiv2][status] GET https://firebase.googleapis.com/v1beta1/projects 200
[debug] [2026-06-06T12:40:53.242Z] <<< [apiv2][body] GET https://firebase.googleapis.com/v1beta1/projects [omitted]
[info] 
=== Hosting Setup
[debug] [2026-06-06T12:41:13.230Z] Error: Cannot find module 'vite'
Require stack:
- /data/data/com.termux/files/home/.npm/_npx/7750544ccf494d8b/node_modules/firebase-tools/lib/frameworks/utils.js
- /data/data/com.termux/files/home/.npm/_npx/7750544ccf494d8b/node_modules/firebase-tools/lib/frameworks/index.js
- /data/data/com.termux/files/home/.npm/_npx/7750544ccf494d8b/node_modules/firebase-tools/lib/init/features/hosting/index.js
- /data/data/com.termux/files/home/.npm/_npx/7750544ccf494d8b/node_modules/firebase-tools/lib/init/features/index.js
- /data/data/com.termux/files/home/.npm/_npx/7750544ccf494d8b/node_modules/firebase-tools/lib/init/index.js
- /data/data/com.termux/files/home/.npm/_npx/7750544ccf494d8b/node_modules/firebase-tools/lib/commands/init.js
- /data/data/com.termux/files/home/.npm/_npx/7750544ccf494d8b/node_modules/firebase-tools/lib/commands/index.js
- /data/data/com.termux/files/home/.npm/_npx/7750544ccf494d8b/node_modules/firebase-tools/lib/index.js
- /data/data/com.termux/files/home/.npm/_npx/7750544ccf494d8b/node_modules/firebase-tools/lib/bin/cli.js
- /data/data/com.termux/files/home/.npm/_npx/7750544ccf494d8b/node_modules/firebase-tools/lib/bin/firebase.js
    at Module._resolveFilename (node:internal/modules/cjs/loader:1519:15)
    at wrapResolveFilename (node:internal/modules/cjs/loader:1073:27)
    at resolveForCJSWithHooks (node:internal/modules/cjs/loader:1124:12)
    at require.resolve (node:internal/modules/helpers:209:31)
    at relativeRequire (/data/data/com.termux/files/home/.npm/_npx/7750544ccf494d8b/node_modules/firebase-tools/lib/frameworks/utils.js:210:34)
    at getConfig (/data/data/com.termux/files/home/.npm/_npx/7750544ccf494d8b/node_modules/firebase-tools/lib/frameworks/vite/index.js:112:65)
    at discover (/data/data/com.termux/files/home/.npm/_npx/7750544ccf494d8b/node_modules/firebase-tools/lib/frameworks/vite/index.js:65:68)
    at async /data/data/com.termux/files/home/.npm/_npx/7750544ccf494d8b/node_modules/firebase-tools/lib/frameworks/vite/index.js:44:55
    at async discover (/data/data/com.termux/files/home/.npm/_npx/7750544ccf494d8b/node_modules/firebase-tools/lib/frameworks/index.js:50:32)
    at async Object.askQuestions (/data/data/com.termux/files/home/.npm/_npx/7750544ccf494d8b/node_modules/firebase-tools/lib/init/features/hosting/index.js:23:33)
[error] 
[error] Error: An unexpected error has occurred.
